
Date: Thu Nov 13 17:52:59 2025

Setting up job queue from jobs_laporta_red.yaml
Updating job queue dependencies
Processing jobs in serial mode (non-MPI build)
Inserted new job in queue: job(1): select reductions: myintegrals
Inserted new job in queue: job(2): reduce files ./tmp/myintegrals.tmp
Inserted new job in queue: job(3): export file myintegrals.sol
Updating job queue dependencies
Loading uncrossed integral families from file ./config/integralfamilies.yaml
Initialize integral family 'F15'
Loaded integral family F15
Initialize integral family 'F6'
Loaded integral family F6
Initialize integral family 'F9'
Loaded integral family F9
Initialize integral family 'F2'
Loaded integral family F2
Initialize integral family 'F38'
Loaded integral family F38
Initialize integral family 'F4'
Loaded integral family F4
Loaded 6 (uncrossed) integral families
Done loading uncrossed integral families
Inserted new job in queue: job(4): run reduction of files ./tmp/myintegrals.tmp + ...
Updated job queue:
  [p] job(1): select reductions: myintegrals  [dep: ]
  [p] job(4): run reduction of files ./tmp/myintegrals.tmp + ...  [dep: 1]
  [p] job(2): reduce files ./tmp/myintegrals.tmp  [dep: 1,4]
  [p] job(3): export file myintegrals.sol  [dep: 2]


Date: Thu Nov 13 17:52:59 2025

Run ID: 0c9d0c04

Starting job(1): select reductions: myintegrals
Completed Job(1) [Time: 2s, CPU: 2s]
Updating job queue dependencies

Date: Thu Nov 13 17:53:02 2025

Run ID: 0c9d0c04

Starting job(4): run reduction of files ./tmp/myintegrals.tmp + ...
Completed Job(4) [Time: 0s, CPU: 0s]
Updating job queue dependencies

Date: Thu Nov 13 17:53:02 2025

Run ID: 0c9d0c04

Starting job(2): reduce files ./tmp/myintegrals.tmp
Completed Job(2) [Time: 0s, CPU: 0s]
Updating job queue dependencies

Date: Thu Nov 13 17:53:02 2025

Run ID: 0c9d0c04

Starting job(3): export file myintegrals.sol
Completed Job(3) [Time: 0s, CPU: 0s]
Updating job queue dependencies
Completed jobs in jobqueue

Completed all jobs
Total run time: 3 s
Killing Fermat
