
Date: Thu Nov 13 17:53:02 2025


conditional: false
min_workers: 1
max_workers: 1000
tmp_directory: ./tmp/myintegrals.sol_dir/
identity_filenames:
  - ./tmp/myintegrals.tmp
subst_filenames:
  []
output_file: ./myintegrals.sol
output_file_external: ""
solutions:
  requested_solutions:
    - {r: [0, -1], s: [0, -1]}
  set_subsectors_to_zero: false
  map_on_coeff: []
  discard_new_subsector_identities: false
reduzer_options:
  num_equations_per_subjob: 1
  num_blocks_per_subjob: 1
  only_substitute: false
preferred_masters_file: ""
delete_files:
  []
delete_directories:
  []
subst_subsectors: true
sector:
  []

Checking for aborted previous run
Setting up in-memory reduction
Determining integrals: all_ints, external_ints, helper_ints, critical_ints, discard_ints
Find integrals in identities
  scanning ./tmp/myintegrals.tmp (0.002s)
Find integrals in substitutions
No sector specified:
  Setting critical_ints to all_ints
  No external integrals
Initialize reduzer
Allocated maps for data during reduction.
Building INT translations
Insert integrals for algorithm control:
Insert substitutions
Insert equations to be reduced
  Inserting equations ./tmp/myintegrals.tmp to database
  inserting 5165 bytes to database
  ..................................................  **************************************************
  file loaded (time: 0.0 s)
Starting with 51 reducible integrals
Setup done
Setup of reduction done (time: 0.0 s)
Running Reduction
Performing computation in serial mode
  reduction
  ..................................................
Reduction done !
Writing results to ./myintegrals.sol
  write result
  ..................................................  **************************************************
  file size: 5164 Bytes
  time unabbreviate: 0.0 s
  time I/O:        0.0 s
  time write tot   0.0 s (1803746 Bytes/s)

Reduction done (time: 0.0 s)

Cleaning up
Analyzing reduction result

Analyzing reduction file ./myintegrals.sol

Number of equations: 51
Average coefficient length [bytes]: 2

Extracting status of reduction for each r,s point
Showing statistics for reductions found in each sector
Number of sectors for which this file provides reductions: 48


First table shows the following entries:
A: Number of all integrals
B: Number of unreduced integrals
C: Number of different integrals
D: Number of different unreduced integrals
E: Identities are interreduced w.r.t. this file (.) or not (x)

Second table shows different unreduced integrals in r-s diagram


(F15:4:1728)        A       B       C       D       E
........................................................
r=4, s=0:           1       0       1       0       .

(F15:4:1728)      s=0
........................
r=4:               0.




(F15:5:2260)        A       B       C       D       E
........................................................
r=5, s=0:           1       0       1       0       .

(F15:5:2260)      s=0
........................
r=5:               0.




(F15:5:2288)        A       B       C       D       E
........................................................
r=5, s=0:           1       0       1       0       .

(F15:5:2288)      s=0
........................
r=5:               0.




(F15:5:2768)        A       B       C       D       E
........................................................
r=5, s=0:           1       0       1       0       .

(F15:5:2768)      s=0
........................
r=5:               0.




(F15:5:3008)        A       B       C       D       E
........................................................
r=5, s=0:           1       0       1       0       .

(F15:5:3008)      s=0
........................
r=5:               0.




(F15:6:1512)        A       B       C       D       E
........................................................
r=6, s=0:           1       0       1       0       .

(F15:6:1512)      s=0
........................
r=6:               0.




(F15:6:2016)        A       B       C       D       E
........................................................
r=6, s=0:           1       0       1       0       .

(F15:6:2016)      s=0
........................
r=6:               0.




(F15:7:3020)        A       B       C       D       E
........................................................
r=7, s=0:           1       0       1       0       .

(F15:7:3020)      s=0
........................
r=7:               0.




(F15:7:3181)        A       B       C       D       E
........................................................
r=7, s=0:           1       0       1       0       .

(F15:7:3181)      s=0
........................
r=7:               0.




(F15:7:3277)        A       B       C       D       E
........................................................
r=7, s=0:           1       0       1       0       .

(F15:7:3277)      s=0
........................
r=7:               0.




(F15:7:3436)        A       B       C       D       E
........................................................
r=7, s=0:           1       0       1       0       .

(F15:7:3436)      s=0
........................
r=7:               0.




(F15:7:4040)        A       B       C       D       E
........................................................
r=7, s=0:           1       0       1       0       .

(F15:7:4040)      s=0
........................
r=7:               0.




(F15:8:3820)        A       B       C       D       E
........................................................
r=8, s=0:           1       0       1       0       .

(F15:8:3820)      s=0
........................
r=8:               0.




(F15:9:3821)        A       B       C       D       E
........................................................
r=9, s=0:           1       0       1       0       .

(F15:9:3821)      s=0
........................
r=9:               0.




(F6:4:1728)        A       B       C       D       E
.......................................................
r=4, s=0:          1       0       1       0       .

(F6:4:1728)      s=0
.......................
r=4:              0.




(F6:5:976)        A       B       C       D       E
......................................................
r=5, s=0:         1       0       1       0       .

(F6:5:976)      s=0
......................
r=5:             0.




(F6:5:2768)        A       B       C       D       E
.......................................................
r=5, s=0:          1       0       1       0       .

(F6:5:2768)      s=0
.......................
r=5:              0.




(F6:5:3008)        A       B       C       D       E
.......................................................
r=5, s=0:          1       0       1       0       .

(F6:5:3008)      s=0
.......................
r=5:              0.




(F6:5:3904)        A       B       C       D       E
.......................................................
r=5, s=0:          1       0       1       0       .

(F6:5:3904)      s=0
.......................
r=5:              0.




(F6:6:1740)        A       B       C       D       E
.......................................................
r=6, s=0:          1       0       1       0       .

(F6:6:1740)      s=0
.......................
r=6:              0.




(F6:7:988)        A       B       C       D       E
......................................................
r=7, s=0:         1       0       1       0       .

(F6:7:988)      s=0
......................
r=7:             0.




(F6:7:1149)        A       B       C       D       E
.......................................................
r=7, s=0:          1       0       1       0       .

(F6:7:1149)      s=0
.......................
r=7:              0.




(F6:7:1245)        A       B       C       D       E
.......................................................
r=7, s=0:          1       0       1       0       .

(F6:7:1245)      s=0
.......................
r=7:              0.




(F6:7:3020)        A       B       C       D       E
.......................................................
r=7, s=0:          1       0       1       0       .

(F6:7:3020)      s=0
.......................
r=7:              0.




(F6:8:1788)        A       B       C       D       E
.......................................................
r=8, s=0:          1       0       1       0       .

(F6:8:1788)      s=0
.......................
r=8:              0.




(F6:9:1789)        A       B       C       D       E
.......................................................
r=9, s=0:          1       0       1       0       .

(F6:9:1789)      s=0
.......................
r=9:              0.




(F9:4:1232)        A       B       C       D       E
.......................................................
r=4, s=0:          1       0       1       0       .

(F9:4:1232)      s=0
.......................
r=4:              0.




(F9:5:2756)        A       B       C       D       E
.......................................................
r=5, s=0:          1       0       1       0       .

(F9:5:2756)      s=0
.......................
r=5:              0.




(F9:6:1868)        A       B       C       D       E
.......................................................
r=6, s=0:          1       0       1       0       .

(F9:6:1868)      s=0
.......................
r=6:              0.




(F2:7:254)        A       B       C       D       E
......................................................
r=7, s=0:         1       0       1       0       .
r=8, s=0:         7       5       7       5       .

(F2:7:254)      s=0
......................
r=7:             0.
r=8:             5.




(F2:8:510)        A       B       C       D       E
......................................................
r=8, s=0:         1       0       1       0       .
r=9, s=0:         8       7       8       7       .

(F2:8:510)      s=0
......................
r=8:             0.
r=9:             7.




(F38:4:368)        A       B       C       D       E
.......................................................
r=4, s=0:          1       0       1       0       .

(F38:4:368)      s=0
.......................
r=4:              0.




(F38:5:460)        A       B       C       D       E
.......................................................
r=5, s=0:          1       0       1       0       .

(F38:5:460)      s=0
.......................
r=5:              0.




(F38:5:481)        A       B       C       D       E
.......................................................
r=5, s=0:          1       0       1       0       .

(F38:5:481)      s=0
.......................
r=5:              0.




(F38:5:805)        A       B       C       D       E
.......................................................
r=5, s=0:          1       0       1       0       .

(F38:5:805)      s=0
.......................
r=5:              0.




(F38:5:844)        A       B       C       D       E
.......................................................
r=5, s=0:          1       0       1       0       .

(F38:5:844)      s=0
.......................
r=5:              0.




(F38:6:504)        A       B       C       D       E
.......................................................
r=6, s=0:          1       0       1       0       .

(F38:6:504)      s=0
.......................
r=6:              0.




(F38:6:711)        A       B       C       D       E
.......................................................
r=6, s=0:          1       0       1       0       .

(F38:6:711)      s=0
.......................
r=6:              0.




(F38:7:487)        A       B       C       D       E
.......................................................
r=7, s=0:          1       0       1       0       .

(F38:7:487)      s=0
.......................
r=7:              0.




(F38:7:493)        A       B       C       D       E
.......................................................
r=7, s=0:          1       0       1       0       .

(F38:7:493)      s=0
.......................
r=7:              0.




(F38:8:510)        A       B       C       D       E
.......................................................
r=8, s=0:          1       0       1       0       .

(F38:8:510)      s=0
.......................
r=8:              0.




(F4:4:270)        A       B       C       D       E
......................................................
r=4, s=0:         1       0       1       0       .

(F4:4:270)      s=0
......................
r=4:             0.




(F4:5:206)        A       B       C       D       E
......................................................
r=5, s=0:         1       0       1       0       .

(F4:5:206)      s=0
......................
r=5:             0.




(F4:5:220)        A       B       C       D       E
......................................................
r=5, s=0:         1       0       1       0       .

(F4:5:220)      s=0
......................
r=5:             0.




(F4:5:412)        A       B       C       D       E
......................................................
r=5, s=0:         1       0       1       0       .

(F4:5:412)      s=0
......................
r=5:             0.




(F4:7:223)        A       B       C       D       E
......................................................
r=7, s=0:         1       0       1       0       .

(F4:7:223)      s=0
......................
r=7:             0.




(F4:7:415)        A       B       C       D       E
......................................................
r=7, s=0:         1       0       1       0       .

(F4:7:415)      s=0
......................
r=7:             0.




(F4:8:507)        A       B       C       D       E
......................................................
r=8, s=0:         1       0       1       0       .

(F4:8:507)      s=0
......................
r=8:             0.


Check for masters done (time: 0.0 s)

Done [0 s]
Setup:         0 s  (38 %)
Reduction:     0 s  (25 %)
Write/analyze: 0 s  (37 %)


Job done (total time: 0 s)
